// Vitest Snapshot v1, https://vitest.dev/guide/snapshot.html

exports[`Login > renders the UI as expected 1`] = `
{
  "asFragment": [Function],
  "baseElement": <body>
    <div>
      <form
        class="Login"
      >
        <header>
          <h2
            class="FormTitle"
          >
            Log in
          </h2>
        </header>
        <fieldset
          class="Login__fieldset"
        >
          <div
            class="FormTextInput"
          >
            <label
              for="login-email"
            >
              Email
            </label>
            <input
              id="login-email"
              name="loginEmail"
              required=""
              type="text"
              value=""
            />
          </div>
          <div
            class="FormTextInput"
          >
            <label
              for="login-password"
            >
              Password
            </label>
            <input
              id="login-password"
              name="loginPassword"
              required=""
              type="text"
              value=""
            />
          </div>
          <a
            href="/forgot-password"
          >
            Forgot password?
          </a>
        </fieldset>
        <button
          class="FormButton"
          type="button"
        >
          SIGN IN
        </button>
        <a
          class="main-link"
          href="/create-account"
        >
          Create an account
        </a>
      </form>
    </div>
  </body>,
  "container": <div>
    <form
      class="Login"
    >
      <header>
        <h2
          class="FormTitle"
        >
          Log in
        </h2>
      </header>
      <fieldset
        class="Login__fieldset"
      >
        <div
          class="FormTextInput"
        >
          <label
            for="login-email"
          >
            Email
          </label>
          <input
            id="login-email"
            name="loginEmail"
            required=""
            type="text"
            value=""
          />
        </div>
        <div
          class="FormTextInput"
        >
          <label
            for="login-password"
          >
            Password
          </label>
          <input
            id="login-password"
            name="loginPassword"
            required=""
            type="text"
            value=""
          />
        </div>
        <a
          href="/forgot-password"
        >
          Forgot password?
        </a>
      </fieldset>
      <button
        class="FormButton"
        type="button"
      >
        SIGN IN
      </button>
      <a
        class="main-link"
        href="/create-account"
      >
        Create an account
      </a>
    </form>
  </div>,
  "debug": [Function],
  "findAllByAltText": [Function],
  "findAllByDisplayValue": [Function],
  "findAllByLabelText": [Function],
  "findAllByPlaceholderText": [Function],
  "findAllByRole": [Function],
  "findAllByTestId": [Function],
  "findAllByText": [Function],
  "findAllByTitle": [Function],
  "findByAltText": [Function],
  "findByDisplayValue": [Function],
  "findByLabelText": [Function],
  "findByPlaceholderText": [Function],
  "findByRole": [Function],
  "findByTestId": [Function],
  "findByText": [Function],
  "findByTitle": [Function],
  "getAllByAltText": [Function],
  "getAllByDisplayValue": [Function],
  "getAllByLabelText": [Function],
  "getAllByPlaceholderText": [Function],
  "getAllByRole": [Function],
  "getAllByTestId": [Function],
  "getAllByText": [Function],
  "getAllByTitle": [Function],
  "getByAltText": [Function],
  "getByDisplayValue": [Function],
  "getByLabelText": [Function],
  "getByPlaceholderText": [Function],
  "getByRole": [Function],
  "getByTestId": [Function],
  "getByText": [Function],
  "getByTitle": [Function],
  "queryAllByAltText": [Function],
  "queryAllByDisplayValue": [Function],
  "queryAllByLabelText": [Function],
  "queryAllByPlaceholderText": [Function],
  "queryAllByRole": [Function],
  "queryAllByTestId": [Function],
  "queryAllByText": [Function],
  "queryAllByTitle": [Function],
  "queryByAltText": [Function],
  "queryByDisplayValue": [Function],
  "queryByLabelText": [Function],
  "queryByPlaceholderText": [Function],
  "queryByRole": [Function],
  "queryByTestId": [Function],
  "queryByText": [Function],
  "queryByTitle": [Function],
  "rerender": [Function],
  "unmount": [Function],
}
`;
