// Jest Snapshot v1, https://goo.gl/fbAQLP

exports[`NewProductForm render the UI as expected 1`] = `
<div>
   Loading... 
</div>
`;
